src/test-gen.ts(3,16): error TS2554: Expected 3 arguments, but got 2.
